Running as unit: run-p2018251-i2032753.scope; invocation ID: c5ec0bd846a94c52989bd248cd653027
   Compiling libc v0.2.189
   Compiling memchr v2.8.3
   Compiling log v0.4.33
   Compiling regex-syntax v0.8.11
   Compiling aho-corasick v1.1.5
   Compiling regex-automata v0.4.18
   Compiling jobserver v0.1.35
   Compiling find-msvc-tools v0.1.9
   Compiling shlex v2.0.1
   Compiling bstr v1.13.0
   Compiling cc v1.4.0
   Compiling pkg-config v0.3.33
   Compiling serde_core v1.0.229
   Compiling pcre2-sys v0.2.10
   Compiling grep-matcher v0.1.9 (/home/gardnmi/Worktrees/ripgrep/experiment-everyday-search/crates/matcher)
   Compiling crossbeam-utils v0.8.22
   Compiling zmij v1.0.23
   Compiling cfg-if v1.0.4
   Compiling encoding_rs v0.8.35
   Compiling serde v1.0.229
   Compiling serde_json v1.0.151
   Compiling crossbeam-epoch v0.9.20
   Compiling encoding_rs_io v0.1.8
   Compiling globset v0.4.20 (/home/gardnmi/Worktrees/ripgrep/experiment-everyday-search/crates/globset)
   Compiling memmap2 v0.9.11
   Compiling crossbeam-deque v0.8.7
   Compiling termcolor v1.4.1
   Compiling itoa v1.0.18
   Compiling grep-searcher v0.1.17 (/home/gardnmi/Worktrees/ripgrep/experiment-everyday-search/crates/searcher)
   Compiling pcre2 v0.2.11
   Compiling anyhow v1.0.104
   Compiling same-file v1.0.6
   Compiling walkdir v2.5.0
   Compiling grep-pcre2 v0.1.10 (/home/gardnmi/Worktrees/ripgrep/experiment-everyday-search/crates/pcre2)
   Compiling grep-printer v0.3.1 (/home/gardnmi/Worktrees/ripgrep/experiment-everyday-search/crates/printer)
   Compiling grep-cli v0.1.12 (/home/gardnmi/Worktrees/ripgrep/experiment-everyday-search/crates/cli)
   Compiling grep-regex v0.1.14 (/home/gardnmi/Worktrees/ripgrep/experiment-everyday-search/crates/regex)
   Compiling ripgrep v15.2.0 (/home/gardnmi/Worktrees/ripgrep/experiment-everyday-search)
   Compiling ignore v0.4.33 (/home/gardnmi/Worktrees/ripgrep/experiment-everyday-search/crates/ignore)
   Compiling grep v0.4.1 (/home/gardnmi/Worktrees/ripgrep/experiment-everyday-search/crates/grep)
   Compiling lexopt v0.3.2
   Compiling textwrap v0.16.2
    Finished `release-lto` profile [optimized] target(s) in 45.62s
