Running as unit: run-p3372340-i3388953.scope; invocation ID: a432d677b26d431892eaedf22d6f2658
   Compiling libc v0.2.189
   Compiling memchr v2.8.3
   Compiling regex-syntax v0.8.11
   Compiling aho-corasick v1.1.5
   Compiling log v0.4.33
   Compiling regex-automata v0.4.18
   Compiling jobserver v0.1.35
   Compiling shlex v2.0.1
   Compiling find-msvc-tools v0.1.9
   Compiling bstr v1.13.0
   Compiling cc v1.4.0
   Compiling serde_core v1.0.229
   Compiling pkg-config v0.3.33
   Compiling pcre2-sys v0.2.10
   Compiling grep-matcher v0.1.9 (/home/gardnmi/Worktrees/ripgrep/experiment-everyday-isolated/crates/matcher)
   Compiling crossbeam-utils v0.8.22
   Compiling zmij v1.0.23
   Compiling cfg-if v1.0.4
   Compiling encoding_rs v0.8.35
   Compiling serde v1.0.229
   Compiling crossbeam-epoch v0.9.20
   Compiling serde_json v1.0.151
   Compiling encoding_rs_io v0.1.8
   Compiling globset v0.4.20 (/home/gardnmi/Worktrees/ripgrep/experiment-everyday-isolated/crates/globset)
   Compiling memmap2 v0.9.11
   Compiling termcolor v1.4.1
   Compiling crossbeam-deque v0.8.7
   Compiling itoa v1.0.18
   Compiling grep-searcher v0.1.17 (/home/gardnmi/Worktrees/ripgrep/experiment-everyday-isolated/crates/searcher)
   Compiling pcre2 v0.2.11
   Compiling anyhow v1.0.104
   Compiling same-file v1.0.6
   Compiling walkdir v2.5.0
   Compiling grep-pcre2 v0.1.10 (/home/gardnmi/Worktrees/ripgrep/experiment-everyday-isolated/crates/pcre2)
   Compiling grep-printer v0.3.1 (/home/gardnmi/Worktrees/ripgrep/experiment-everyday-isolated/crates/printer)
   Compiling grep-cli v0.1.12 (/home/gardnmi/Worktrees/ripgrep/experiment-everyday-isolated/crates/cli)
   Compiling grep-regex v0.1.14 (/home/gardnmi/Worktrees/ripgrep/experiment-everyday-isolated/crates/regex)
   Compiling ripgrep v15.2.0 (/home/gardnmi/Worktrees/ripgrep/experiment-everyday-isolated)
   Compiling ignore v0.4.33 (/home/gardnmi/Worktrees/ripgrep/experiment-everyday-isolated/crates/ignore)
error[E0308]: mismatched types
   --> crates/ignore/src/types.rs:364:13
    |
356 |             Arc::new(Pool::with_available_parallelism_capacity(|| vec![]))
    |                                                                -- the found closure
...
364 |             matches,
    |             ^^^^^^^ expected `Option<Arc<Pool<Vec<usize>>>>`, found `Option<Arc<Pool<_, {closure@...}>>>`
    |
    = note: expected enum `Option<Arc<Pool<Vec<usize>, fn() -> Vec<usize>>>>`
               found enum `Option<Arc<Pool<_, {closure@crates/ignore/src/types.rs:356:64: 356:66}>>>`

For more information about this error, try `rustc --explain E0308`.
error: could not compile `ignore` (lib) due to 1 previous error
warning: build failed, waiting for other jobs to finish...
