Running as unit: run-p3374238-i3389224.scope; invocation ID: 937700c58cf24e9aa12f1285dfe71630
   Compiling grep v0.4.1 (/home/gardnmi/Worktrees/ripgrep/experiment-everyday-isolated/crates/grep)
   Compiling ignore v0.4.33 (/home/gardnmi/Worktrees/ripgrep/experiment-everyday-isolated/crates/ignore)
   Compiling anyhow v1.0.104
error[E0308]: mismatched types
   --> crates/ignore/src/types.rs:355:54
    |
355 |           let matches: Option<Arc<Pool<Vec<usize>>>> = (!set.is_empty()).then(|| {
    |  ______________________-----------------------------___^
    | |                      |
    | |                      expected due to this
356 | |             Arc::new(Pool::with_available_parallelism_capacity(|| vec![]))
357 | |         });
    | |__________^ expected `Option<Arc<Pool<Vec<usize>>>>`, found `Option<Arc<Pool<_, {closure@...}>>>`
    |
    = note: expected enum `Option<Arc<Pool<Vec<usize>, fn() -> Vec<usize>>>>`
               found enum `Option<Arc<Pool<_, {closure@crates/ignore/src/types.rs:356:64: 356:66}>>>`

For more information about this error, try `rustc --explain E0308`.
error: could not compile `ignore` (lib) due to 1 previous error
warning: build failed, waiting for other jobs to finish...
