Running as unit: run-p2021820-i2033103.scope; invocation ID: a98aa61a4bc0476eaf1ac9b4fac69d26
1/32 source-literal verifying
source-literal FAIL {'candidate': 1.1964, 'reference': 1.1996} warm_io=False control_noise=False
2/32 source-absent verifying
source-absent FAIL {'candidate': 1.2154, 'reference': 1.2409} warm_io=False control_noise=False
3/32 source-regex verifying
source-regex PASS {'candidate': 0.9704, 'reference': 0.9763} warm_io=False control_noise=False
4/32 source-ignore-case verifying
source-ignore-case FAIL {'candidate': 1.1698, 'reference': 1.1218} warm_io=False control_noise=False
5/32 source-glob verifying
source-glob FAIL {'candidate': 1.2841, 'reference': 1.2991} warm_io=False control_noise=False
6/32 source-files verifying
source-files PASS {'candidate': 0.9349, 'reference': 0.9627} warm_io=False control_noise=False
7/32 source-files-hidden verifying
source-files-hidden PASS {'candidate': 0.9457, 'reference': 0.9913} warm_io=False control_noise=False
8/32 source-multi verifying
source-multi FAIL {'candidate': 1.1739, 'reference': 1.181} warm_io=False control_noise=False
9/32 source-context verifying
source-context FAIL {'candidate': 1.1431, 'reference': 1.1414} warm_io=False control_noise=False
10/32 source-sorted verifying
source-sorted PASS {'candidate': 0.9939, 'reference': 1.0148} warm_io=False control_noise=False
11/32 source-explicit-one-thread verifying
source-explicit-one-thread INCONCLUSIVE {'candidate': 0.9726, 'reference': 0.9839} warm_io=False control_noise=False
12/32 tools-literal verifying
tools-literal INCONCLUSIVE {'candidate': 0.9902, 'reference': 0.996} warm_io=False control_noise=False
13/32 tools-files-with-match verifying
tools-files-with-match INCONCLUSIVE {'candidate': 0.9892, 'reference': 0.9765} warm_io=False control_noise=False
14/32 tools-glob verifying
tools-glob PASS {'candidate': 0.9935, 'reference': 1.0037} warm_io=False control_noise=False
15/32 tools-regex verifying
tools-regex INCONCLUSIVE {'candidate': 0.9953, 'reference': 1.0102} warm_io=False control_noise=False
16/32 tools-files verifying
tools-files PASS {'candidate': 0.9576, 'reference': 0.9755} warm_io=False control_noise=False
17/32 kernel-literal verifying
kernel-literal PASS {'candidate': 0.9861, 'reference': 0.9941} warm_io=False control_noise=False
18/32 kernel-regex verifying
kernel-regex INCONCLUSIVE {'candidate': 0.9677, 'reference': 0.9686} warm_io=False control_noise=False
19/32 kernel-files verifying
kernel-files PASS {'candidate': 0.9259, 'reference': 0.9655} warm_io=False control_noise=False
20/32 tiny-hit verifying
tiny-hit PASS {'candidate': 1.0187, 'reference': 1.025} warm_io=False control_noise=False
21/32 tiny-miss verifying
tiny-miss PASS {'candidate': 1.0484, 'reference': 1.0734} warm_io=False control_noise=False
22/32 small-regex verifying
small-regex PASS {'candidate': 1.0003, 'reference': 1.0173} warm_io=False control_noise=False
23/32 log-lines verifying
log-lines PASS {'candidate': 0.974, 'reference': 0.9837} warm_io=False control_noise=False
24/32 log-context verifying
log-context INCONCLUSIVE {'candidate': 1.0316, 'reference': 1.0448} warm_io=False control_noise=False
25/32 log-count verifying
log-count INCONCLUSIVE {'candidate': 0.9817, 'reference': 0.9667} warm_io=False control_noise=False
26/32 log-multi verifying
log-multi PASS {'candidate': 0.9483, 'reference': 0.945} warm_io=False control_noise=False
27/32 log-ignore-case verifying
log-ignore-case INCONCLUSIVE {'candidate': 0.9035, 'reference': 0.8849} warm_io=False control_noise=False
28/32 log-json verifying
log-json PASS {'candidate': 1.0193, 'reference': 1.0599} warm_io=False control_noise=False
29/32 prose-absent verifying
prose-absent INCONCLUSIVE {'candidate': 1.0302, 'reference': 1.0706} warm_io=False control_noise=False
30/32 prose-count verifying
prose-count PASS {'candidate': 0.9411, 'reference': 0.9424} warm_io=False control_noise=False
31/32 prose-regex verifying
prose-regex INCONCLUSIVE {'candidate': 0.9927, 'reference': 0.982} warm_io=False control_noise=False
32/32 unicode-fold verifying
unicode-fold PASS {'candidate': 0.9261, 'reference': 0.9412} warm_io=False control_noise=False
AUDIT FAIL
